{
  "version": "1.5.0",
  "plugins_used": [
    {
      "name": "ArtifactoryDetector"
    },
    {
      "name": "AWSKeyDetector"
    },
    {
      "name": "AzureStorageKeyDetector"
    },
    {
      "name": "Base64HighEntropyString",
      "limit": 4.5
    },
    {
      "name": "BasicAuthDetector"
    },
    {
      "name": "CloudantDetector"
    },
    {
      "name": "DiscordBotTokenDetector"
    },
    {
      "name": "GitHubTokenDetector"
    },
    {
      "name": "GitLabTokenDetector"
    },
    {
      "name": "HexHighEntropyString",
      "limit": 3.0
    },
    {
      "name": "IbmCloudIamDetector"
    },
    {
      "name": "IbmCosHmacDetector"
    },
    {
      "name": "IPPublicDetector"
    },
    {
      "name": "JwtTokenDetector"
    },
    {
      "name": "KeywordDetector",
      "keyword_exclude": ""
    },
    {
      "name": "MailchimpDetector"
    },
    {
      "name": "NpmDetector"
    },
    {
      "name": "OpenAIDetector"
    },
    {
      "name": "PrivateKeyDetector"
    },
    {
      "name": "PypiTokenDetector"
    },
    {
      "name": "SendGridDetector"
    },
    {
      "name": "SlackDetector"
    },
    {
      "name": "SoftlayerDetector"
    },
    {
      "name": "SquareOAuthDetector"
    },
    {
      "name": "StripeDetector"
    },
    {
      "name": "TelegramBotTokenDetector"
    },
    {
      "name": "TwilioKeyDetector"
    }
  ],
  "filters_used": [
    {
      "path": "detect_secrets.filters.allowlist.is_line_allowlisted"
    },
    {
      "path": "detect_secrets.filters.common.is_ignored_due_to_verification_policies",
      "min_level": 2
    },
    {
      "path": "detect_secrets.filters.heuristic.is_indirect_reference"
    },
    {
      "path": "detect_secrets.filters.heuristic.is_likely_id_string"
    },
    {
      "path": "detect_secrets.filters.heuristic.is_lock_file"
    },
    {
      "path": "detect_secrets.filters.heuristic.is_not_alphanumeric_string"
    },
    {
      "path": "detect_secrets.filters.heuristic.is_potential_uuid"
    },
    {
      "path": "detect_secrets.filters.heuristic.is_prefixed_with_dollar_sign"
    },
    {
      "path": "detect_secrets.filters.heuristic.is_sequential_string"
    },
    {
      "path": "detect_secrets.filters.heuristic.is_swagger_file"
    },
    {
      "path": "detect_secrets.filters.heuristic.is_templated_secret"
    }
  ],
  "results": {
    "docs\\superpowers\\plans\\2026-08-14-m7-production-readiness-a.md": [
      {
        "type": "Basic Auth Credentials",
        "filename": "docs\\superpowers\\plans\\2026-08-14-m7-production-readiness-a.md",
        "hashed_secret": "9d4e1e23bd5b727046a9e3b4b7db57bd8d6ee684",
        "is_verified": false,
        "line_number": 141
      }
    ],
    "eval_runs\\run-offline-postthinkingoff\\manifest.json": [
      {
        "type": "Hex High Entropy String",
        "filename": "eval_runs\\run-offline-postthinkingoff\\manifest.json",
        "hashed_secret": "8cbd035a0e10d37b05ee3f9c10787a917b4d40b4",
        "is_verified": false,
        "line_number": 7
      }
    ],
    "eval_runs\\run-offline-v1\\manifest.json": [
      {
        "type": "Hex High Entropy String",
        "filename": "eval_runs\\run-offline-v1\\manifest.json",
        "hashed_secret": "e06cdcc904dd9b5fc17ff19b4b1241a76bee24fb",
        "is_verified": false,
        "line_number": 7
      }
    ],
    "eval_runs\\run-real-main-v1\\manifest.json": [
      {
        "type": "Hex High Entropy String",
        "filename": "eval_runs\\run-real-main-v1\\manifest.json",
        "hashed_secret": "e06cdcc904dd9b5fc17ff19b4b1241a76bee24fb",
        "is_verified": false,
        "line_number": 7
      }
    ],
    "eval_runs\\run-real-main-v2\\manifest.json": [
      {
        "type": "Hex High Entropy String",
        "filename": "eval_runs\\run-real-main-v2\\manifest.json",
        "hashed_secret": "8cbd035a0e10d37b05ee3f9c10787a917b4d40b4",
        "is_verified": false,
        "line_number": 7
      }
    ],
    "tests\\test_actions.py": [
      {
        "type": "Secret Keyword",
        "filename": "tests\\test_actions.py",
        "hashed_secret": "97a9962249863c8e9c5f4ccfe237f0de2d11042c",
        "is_verified": false,
        "line_number": 311
      }
    ],
    "tests\\test_agent_pipeline.py": [
      {
        "type": "Secret Keyword",
        "filename": "tests\\test_agent_pipeline.py",
        "hashed_secret": "e973366485d16928344e524362b3f0378187d875",
        "is_verified": false,
        "line_number": 232
      },
      {
        "type": "Secret Keyword",
        "filename": "tests\\test_agent_pipeline.py",
        "hashed_secret": "6d95779f494cf0ae9e454aeba0b5dc269e2fe959",
        "is_verified": false,
        "line_number": 233
      },
      {
        "type": "Basic Auth Credentials",
        "filename": "tests\\test_agent_pipeline.py",
        "hashed_secret": "9d4e1e23bd5b727046a9e3b4b7db57bd8d6ee684",
        "is_verified": false,
        "line_number": 503
      },
      {
        "type": "Secret Keyword",
        "filename": "tests\\test_agent_pipeline.py",
        "hashed_secret": "3acfb2c2b433c0ea7ff107e33df91b18e52f960f",
        "is_verified": false,
        "line_number": 593
      }
    ],
    "tests\\test_content_refs.py": [
      {
        "type": "Secret Keyword",
        "filename": "tests\\test_content_refs.py",
        "hashed_secret": "f8a8d9f451d487d78b47b3d0b5e5ea4abe6c8bb2",
        "is_verified": false,
        "line_number": 32
      },
      {
        "type": "Secret Keyword",
        "filename": "tests\\test_content_refs.py",
        "hashed_secret": "1e73958660af7ddcc23e2a6bbb8bc579014de782",
        "is_verified": false,
        "line_number": 56
      },
      {
        "type": "Secret Keyword",
        "filename": "tests\\test_content_refs.py",
        "hashed_secret": "043d93016ac7c256bb047076a551720dee6605f2",
        "is_verified": false,
        "line_number": 57
      },
      {
        "type": "Secret Keyword",
        "filename": "tests\\test_content_refs.py",
        "hashed_secret": "05b3861f9f8fbab230067f41fc83d113b021ea37",
        "is_verified": false,
        "line_number": 58
      }
    ],
    "tests\\test_gateway_auth.py": [
      {
        "type": "Secret Keyword",
        "filename": "tests\\test_gateway_auth.py",
        "hashed_secret": "44fcddad3a72834200efbe1e083ce7ddb1d3b4ab",
        "is_verified": false,
        "line_number": 23
      },
      {
        "type": "Base64 High Entropy String",
        "filename": "tests\\test_gateway_auth.py",
        "hashed_secret": "76680dcb28e6144031269b4713eca6123f7bd6af",
        "is_verified": false,
        "line_number": 77
      }
    ],
    "tests\\test_live_context.py": [
      {
        "type": "Secret Keyword",
        "filename": "tests\\test_live_context.py",
        "hashed_secret": "3acfb2c2b433c0ea7ff107e33df91b18e52f960f",
        "is_verified": false,
        "line_number": 108
      }
    ],
    "tests\\test_production_config.py": [
      {
        "type": "Secret Keyword",
        "filename": "tests\\test_production_config.py",
        "hashed_secret": "2fb0b3ce91524df9c159e2bd5b788d845c7cd6b3",
        "is_verified": false,
        "line_number": 9
      },
      {
        "type": "Secret Keyword",
        "filename": "tests\\test_production_config.py",
        "hashed_secret": "8c781a8c26b1bf3361af7a9e3407356f5f64fb21",
        "is_verified": false,
        "line_number": 10
      },
      {
        "type": "Basic Auth Credentials",
        "filename": "tests\\test_production_config.py",
        "hashed_secret": "9d4e1e23bd5b727046a9e3b4b7db57bd8d6ee684",
        "is_verified": false,
        "line_number": 11
      },
      {
        "type": "Secret Keyword",
        "filename": "tests\\test_production_config.py",
        "hashed_secret": "55d5c4401cf843ad8a2b0386934ea51fac56a2f4",
        "is_verified": false,
        "line_number": 121
      },
      {
        "type": "Secret Keyword",
        "filename": "tests\\test_production_config.py",
        "hashed_secret": "783cc888af5f176d76d5ac15361013bd23d92af7",
        "is_verified": false,
        "line_number": 162
      },
      {
        "type": "Secret Keyword",
        "filename": "tests\\test_production_config.py",
        "hashed_secret": "fe3aaec6e28e34d243a97829fc1b934ddc501d85",
        "is_verified": false,
        "line_number": 163
      }
    ],
    "tests\\test_runtime_startup.py": [
      {
        "type": "Basic Auth Credentials",
        "filename": "tests\\test_runtime_startup.py",
        "hashed_secret": "9d4e1e23bd5b727046a9e3b4b7db57bd8d6ee684",
        "is_verified": false,
        "line_number": 70
      },
      {
        "type": "Secret Keyword",
        "filename": "tests\\test_runtime_startup.py",
        "hashed_secret": "b28b7af69320201d1cf206ebf28373980add1451",
        "is_verified": false,
        "line_number": 92
      },
      {
        "type": "Secret Keyword",
        "filename": "tests\\test_runtime_startup.py",
        "hashed_secret": "84c9f43f73b35351b1fa2ff704a2d073375d148e",
        "is_verified": false,
        "line_number": 93
      }
    ],
    "tests\\test_web_search.py": [
      {
        "type": "Secret Keyword",
        "filename": "tests\\test_web_search.py",
        "hashed_secret": "b07bfd6660c8a5e8f47ed4967498d25f095cb7c5",
        "is_verified": false,
        "line_number": 91
      }
    ]
  },
  "generated_at": "2026-08-17T02:52:24Z"
}
